[backblue.gif]
[fade.gif]
[index.html]
[localhost/index.php/feed/index.html]
[localhost/wp-includes/js/dist/interactivity.min84fc.js]
[localhost/wp-includes/blocks/navigation/view.minff1e.js]
[localhost/wp-includes/js/jquery/jquery.minf43b.js]
[localhost/wp-includes/js/jquery/jquery-migrate.min5589.js]
[localhost/index.php/comments/feed/index.html]
[localhost/index.php/wp-json/wp/v2/pages/35.json]
[localhost/index.php/wp-json/index.html]
[localhost/xmlrpc0db0.php]
[localhost/index.php/wp-json/oembed/1.0/embed1408.json]
[localhost/index.php/wp-json/oembed/1.0/embed7e56]
[localhost/wp-content/themes/variations/assets/fonts/work-sans/work-sans.woff2]
[localhost/wp-content/themes/variations/assets/fonts/work-sans/work-sans.woff]
[localhost/wp-content/themes/variations/assets/fonts/work-sans/work-sans.ttf]
[localhost/wp-content/themes/variations/assets/fonts/prata/prata.woff2]
[localhost/wp-content/themes/variations/assets/fonts/prata/prata.woff]
[localhost/wp-content/themes/variations/assets/fonts/prata/prata.ttf]
[localhost/wp-content/themes/variations/assets/fonts/ibm-plex-mono/IBMPlexSans-Thin.woff2]
[localhost/wp-content/themes/variations/assets/fonts/ibm-plex-mono/IBMPlexSans-Thin.woff]
[localhost/wp-content/themes/variations/assets/fonts/ibm-plex-mono/ibm-plex-sans-thin_normal_100.ttf]
[localhost/wp-content/themes/variations/assets/fonts/ibm-plex-mono/IBMPlexSans-Regular.woff2]
[localhost/wp-content/themes/variations/assets/fonts/ibm-plex-mono/IBMPlexSans-Regular.woff]
[localhost/wp-content/themes/variations/assets/fonts/ibm-plex-mono/ibm-plex-sans_normal_400.ttf]
[localhost/wp-content/themes/variations/assets/fonts/ibm-plex-mono/IBMPlexSans-Italic.woff2]
[localhost/wp-content/themes/variations/assets/fonts/ibm-plex-mono/IBMPlexSans-Italic.woff]
[localhost/wp-content/themes/variations/assets/fonts/ibm-plex-mono/ibm-plex-sans_italic_400.ttf]
[localhost/wp-content/themes/variations/assets/fonts/ibm-plex-mono/IBMPlexSans-Bold.woff2]
[localhost/wp-content/themes/variations/assets/fonts/ibm-plex-mono/IBMPlexSans-Bold.woff]
[localhost/wp-content/themes/variations/assets/fonts/ibm-plex-mono/ibm-plex-sans_normal_700.ttf]
[localhost/wp-content/themes/variations/assets/fonts/inter/Inter-Regular.woff2]
[localhost/wp-content/themes/variations/assets/fonts/inter/Inter-Regular.woff]
[localhost/wp-content/themes/variations/assets/fonts/inter/inter_normal_100-900.ttf]
[localhost/wp-content/themes/variations/assets/fonts/hedvig-letters-serif/hedvig-letters-serif-regular.ttf]
[localhost/wp-content/themes/variations/assets/fonts/young-serif/young-serif.ttf]
[localhost/wp-content/uploads/2024/11/LOGOPAINT-removebg-preview-1.png]
[localhost/wp-content/uploads/2024/11/MCP.webp]
[localhost/wp-content/uploads/2024/11/MCP2.JPG.webp]
[localhost/wp-content/uploads/2024/11/ENERGY-SOLAR-1.webp]
[localhost/wp-content/uploads/2024/11/2aa941b6-65a3-4d5c-bfed-c84f07ad3332-1.jpg]
[localhost/wp-content/uploads/2024/11/47d32460-5d1a-4090-9ec0-843112fe0b30.jpg]
[localhost/wp-content/uploads/2024/11/f1bf9e66-8134-4020-b0d9-b7f5fcf01d5b-2.jpg]
[localhost/wp-content/uploads/2024/11/314a54c3-5c5c-4019-a017-6e72b53b4495-6.jpg]
[localhost/wp-content/uploads/2024/11/c65e0f0b-dedc-4297-aaea-bae63483128f-3.jpg]
[localhost/wp-content/uploads/2024/11/cf27b812-f041-4e77-bd05-f421e1a8df98-4.jpg]
[localhost/wp-content/uploads/2024/11/51c7e8bb-a9ca-4508-bbfb-d73d470f04c7-8.jpg]
[localhost/wp-content/uploads/2024/11/6a521488-b16d-4f2f-beb4-a9ece93d53d4-9.jpg]
[localhost/wp-content/uploads/2024/11/6e7cddfb-7bb7-480e-9a44-0eaa4dedfd66-9.jpg]
[localhost/wp-content/uploads/2024/11/LOGOPAINT-removebg-preview-5.png]
[localhost/wp-includes/js/dist/vendor/wp-polyfill-inert.min0226.js]
[localhost/wp-includes/js/dist/vendor/regenerator-runtime.min6c85.js]
[localhost/wp-includes/js/dist/vendor/wp-polyfill.min2c7c.js]
[localhost/wp-includes/js/dist/dom-ready.minded6.js]
[localhost/wp-content/plugins/astra-sites/inc/lib/onboarding/assets/dist/template-preview/maina11c.js]
[localhost/wp-content/themes/variations/assets/js/frontend274c.js]
[localhost/index.html]
[localhost/wp-includes/blocks/navigation/style.min84fc.css]
[localhost/wp-includes/blocks/cover/style.min84fc.css]
[localhost/wp-content/themes/variations/assets/css/editor-frontend274c.css]
[localhost/wp-content/themes/variations/assets/css/frontend274c.css]
[localhost/index.php/home/index.html]
[localhost/index.php/wp-json/wp/v2/pages/37.json]
[localhost/index.php/wp-json/oembed/1.0/embedb0cc.json]
[localhost/index.php/wp-json/oembed/1.0/embed9649]
[localhost/index.php/services/index.html]
[localhost/index.php/wp-json/wp/v2/pages/39.json]
[localhost/index.php/wp-json/oembed/1.0/embedf3ff.json]
[localhost/index.php/wp-json/oembed/1.0/embed8dfc]
[localhost/index.php/about-us/index.html]
[localhost/index.php/wp-json/wp/v2/pages/41.json]
[localhost/index.php/wp-json/oembed/1.0/embeded53.json]
[localhost/index.php/wp-json/oembed/1.0/embedf0f8]
[localhost/index.php/contact/index.html]
[localhost/index4837.html]
[localhost/indexba52.html]
[localhost/indexcbb6.html]
